Analysis & Synthesis report for IITB_Proc
Thu May 20 09:14:08 2021
Quartus Prime Version 20.1.0 Build 711 06/05/2020 SJ Lite Edition


---------------------
; Table of Contents ;
---------------------
  1. Legal Notice
  2. Analysis & Synthesis Summary
  3. Analysis & Synthesis Settings
  4. Parallel Compilation
  5. Analysis & Synthesis Source Files Read
  6. Analysis & Synthesis Resource Usage Summary
  7. Analysis & Synthesis Resource Utilization by Entity
  8. State Machine - |IITB_Proc|state
  9. Registers Removed During Synthesis
 10. Removed Registers Triggering Further Register Optimizations
 11. General Register Statistics
 12. Multiplexer Restructuring Statistics (Restructuring Performed)
 13. Port Connectivity Checks: "alu:AluInst|FourByOneMux:MuxInst2"
 14. Port Connectivity Checks: "alu:AluInst|muxQ41:MuxInst"
 15. Port Connectivity Checks: "alu:AluInst|SixteenbitFullAdd:AdderInst|OnebitFullAdd:AdderInst1|OnebitHalfAdd:AdderInst1|TwoByOneMux:MInst2"
 16. Port Connectivity Checks: "alu:AluInst|SixteenbitFullAdd:AdderInst|OnebitFullAdd:AdderInst1|OnebitHalfAdd:AdderInst1|TwoByOneMux:MInst1"
 17. Port Connectivity Checks: "alu:AluInst|SixteenbitFullAdd:AdderInst"
 18. Post-Synthesis Netlist Statistics for Top Partition
 19. Elapsed Time Per Partition
 20. Analysis & Synthesis Messages



----------------
; Legal Notice ;
----------------
Copyright (C) 2020  Intel Corporation. All rights reserved.
Your use of Intel Corporation's design tools, logic functions 
and other software and tools, and any partner logic 
functions, and any output files from any of the foregoing 
(including device programming or simulation files), and any 
associated documentation or information are expressly subject 
to the terms and conditions of the Intel Program License 
Subscription Agreement, the Intel Quartus Prime License Agreement,
the Intel FPGA IP License Agreement, or other applicable license
agreement, including, without limitation, that your use is for
the sole purpose of programming logic devices manufactured by
Intel and sold by Intel or its authorized distributors.  Please
refer to the applicable agreement for further details, at
https://fpgasoftware.intel.com/eula.



+-------------------------------------------------------------------------------+
; Analysis & Synthesis Summary                                                  ;
+---------------------------------+---------------------------------------------+
; Analysis & Synthesis Status     ; Successful - Thu May 20 09:14:08 2021       ;
; Quartus Prime Version           ; 20.1.0 Build 711 06/05/2020 SJ Lite Edition ;
; Revision Name                   ; IITB_Proc                                   ;
; Top-level Entity Name           ; IITB_Proc                                   ;
; Family                          ; Cyclone V                                   ;
; Logic utilization (in ALMs)     ; N/A                                         ;
; Total registers                 ; 0                                           ;
; Total pins                      ; 18                                          ;
; Total virtual pins              ; 0                                           ;
; Total block memory bits         ; 0                                           ;
; Total DSP Blocks                ; 0                                           ;
; Total HSSI RX PCSs              ; 0                                           ;
; Total HSSI PMA RX Deserializers ; 0                                           ;
; Total HSSI TX PCSs              ; 0                                           ;
; Total HSSI PMA TX Serializers   ; 0                                           ;
; Total PLLs                      ; 0                                           ;
; Total DLLs                      ; 0                                           ;
+---------------------------------+---------------------------------------------+


+---------------------------------------------------------------------------------------------------------------------------+
; Analysis & Synthesis Settings                                                                                             ;
+---------------------------------------------------------------------------------+--------------------+--------------------+
; Option                                                                          ; Setting            ; Default Value      ;
+---------------------------------------------------------------------------------+--------------------+--------------------+
; Device                                                                          ; 5CGXFC7C7F23C8     ;                    ;
; Top-level entity name                                                           ; IITB_Proc          ; IITB_Proc          ;
; Family name                                                                     ; Cyclone V          ; Cyclone V          ;
; Use smart compilation                                                           ; Off                ; Off                ;
; Enable parallel Assembler and Timing Analyzer during compilation                ; On                 ; On                 ;
; Enable compact report table                                                     ; Off                ; Off                ;
; Restructure Multiplexers                                                        ; Auto               ; Auto               ;
; MLAB Add Timing Constraints For Mixed-Port Feed-Through Mode Setting Don't Care ; Off                ; Off                ;
; Create Debugging Nodes for IP Cores                                             ; Off                ; Off                ;
; Preserve fewer node names                                                       ; On                 ; On                 ;
; Intel FPGA IP Evaluation Mode                                                   ; Enable             ; Enable             ;
; Verilog Version                                                                 ; Verilog_2001       ; Verilog_2001       ;
; VHDL Version                                                                    ; VHDL_1993          ; VHDL_1993          ;
; State Machine Processing                                                        ; Auto               ; Auto               ;
; Safe State Machine                                                              ; Off                ; Off                ;
; Extract Verilog State Machines                                                  ; On                 ; On                 ;
; Extract VHDL State Machines                                                     ; On                 ; On                 ;
; Ignore Verilog initial constructs                                               ; Off                ; Off                ;
; Iteration limit for constant Verilog loops                                      ; 5000               ; 5000               ;
; Iteration limit for non-constant Verilog loops                                  ; 250                ; 250                ;
; Add Pass-Through Logic to Inferred RAMs                                         ; On                 ; On                 ;
; Infer RAMs from Raw Logic                                                       ; On                 ; On                 ;
; Parallel Synthesis                                                              ; On                 ; On                 ;
; DSP Block Balancing                                                             ; Auto               ; Auto               ;
; NOT Gate Push-Back                                                              ; On                 ; On                 ;
; Power-Up Don't Care                                                             ; On                 ; On                 ;
; Remove Redundant Logic Cells                                                    ; Off                ; Off                ;
; Remove Duplicate Registers                                                      ; On                 ; On                 ;
; Ignore CARRY Buffers                                                            ; Off                ; Off                ;
; Ignore CASCADE Buffers                                                          ; Off                ; Off                ;
; Ignore GLOBAL Buffers                                                           ; Off                ; Off                ;
; Ignore ROW GLOBAL Buffers                                                       ; Off                ; Off                ;
; Ignore LCELL Buffers                                                            ; Off                ; Off                ;
; Ignore SOFT Buffers                                                             ; On                 ; On                 ;
; Limit AHDL Integers to 32 Bits                                                  ; Off                ; Off                ;
; Optimization Technique                                                          ; Balanced           ; Balanced           ;
; Carry Chain Length                                                              ; 70                 ; 70                 ;
; Auto Carry Chains                                                               ; On                 ; On                 ;
; Auto Open-Drain Pins                                                            ; On                 ; On                 ;
; Perform WYSIWYG Primitive Resynthesis                                           ; Off                ; Off                ;
; Auto ROM Replacement                                                            ; On                 ; On                 ;
; Auto RAM Replacement                                                            ; On                 ; On                 ;
; Auto DSP Block Replacement                                                      ; On                 ; On                 ;
; Auto Shift Register Replacement                                                 ; Auto               ; Auto               ;
; Allow Shift Register Merging across Hierarchies                                 ; Auto               ; Auto               ;
; Auto Clock Enable Replacement                                                   ; On                 ; On                 ;
; Strict RAM Replacement                                                          ; Off                ; Off                ;
; Allow Synchronous Control Signals                                               ; On                 ; On                 ;
; Force Use of Synchronous Clear Signals                                          ; Off                ; Off                ;
; Auto Resource Sharing                                                           ; Off                ; Off                ;
; Allow Any RAM Size For Recognition                                              ; Off                ; Off                ;
; Allow Any ROM Size For Recognition                                              ; Off                ; Off                ;
; Allow Any Shift Register Size For Recognition                                   ; Off                ; Off                ;
; Use LogicLock Constraints during Resource Balancing                             ; On                 ; On                 ;
; Ignore translate_off and synthesis_off directives                               ; Off                ; Off                ;
; Timing-Driven Synthesis                                                         ; On                 ; On                 ;
; Report Parameter Settings                                                       ; On                 ; On                 ;
; Report Source Assignments                                                       ; On                 ; On                 ;
; Report Connectivity Checks                                                      ; On                 ; On                 ;
; Ignore Maximum Fan-Out Assignments                                              ; Off                ; Off                ;
; Synchronization Register Chain Length                                           ; 3                  ; 3                  ;
; Power Optimization During Synthesis                                             ; Normal compilation ; Normal compilation ;
; HDL message level                                                               ; Level2             ; Level2             ;
; Suppress Register Optimization Related Messages                                 ; Off                ; Off                ;
; Number of Removed Registers Reported in Synthesis Report                        ; 5000               ; 5000               ;
; Number of Swept Nodes Reported in Synthesis Report                              ; 5000               ; 5000               ;
; Number of Inverted Registers Reported in Synthesis Report                       ; 100                ; 100                ;
; Clock MUX Protection                                                            ; On                 ; On                 ;
; Auto Gated Clock Conversion                                                     ; Off                ; Off                ;
; Block Design Naming                                                             ; Auto               ; Auto               ;
; SDC constraint protection                                                       ; Off                ; Off                ;
; Synthesis Effort                                                                ; Auto               ; Auto               ;
; Shift Register Replacement - Allow Asynchronous Clear Signal                    ; On                 ; On                 ;
; Pre-Mapping Resynthesis Optimization                                            ; Off                ; Off                ;
; Analysis & Synthesis Message Level                                              ; Medium             ; Medium             ;
; Disable Register Merging Across Hierarchies                                     ; Auto               ; Auto               ;
; Resource Aware Inference For Block RAM                                          ; On                 ; On                 ;
; Automatic Parallel Synthesis                                                    ; On                 ; On                 ;
; Partial Reconfiguration Bitstream ID                                            ; Off                ; Off                ;
+---------------------------------------------------------------------------------+--------------------+--------------------+


+------------------------------------------+
; Parallel Compilation                     ;
+----------------------------+-------------+
; Processors                 ; Number      ;
+----------------------------+-------------+
; Number detected on machine ; 8           ;
; Maximum allowed            ; 4           ;
;                            ;             ;
; Average used               ; 1.00        ;
; Maximum used               ; 1           ;
;                            ;             ;
; Usage by Processor         ; % Time Used ;
;     Processor 1            ; 100.0%      ;
+----------------------------+-------------+


+-------------------------------------------------------------------------------------------------------------------------------------+
; Analysis & Synthesis Source Files Read                                                                                              ;
+----------------------------------+-----------------+-----------------+----------------------------------------------------+---------+
; File Name with User-Entered Path ; Used in Netlist ; File Type       ; File Name with Absolute Path                       ; Library ;
+----------------------------------+-----------------+-----------------+----------------------------------------------------+---------+
; Testbench.vhdl                   ; yes             ; User VHDL File  ; /home/raja/Desktop/IITB-Proc/Testbench.vhdl        ;         ;
; DUT.vhdl                         ; yes             ; User VHDL File  ; /home/raja/Desktop/IITB-Proc/DUT.vhdl              ;         ;
; TwoByOneMux.vhd                  ; yes             ; User VHDL File  ; /home/raja/Desktop/IITB-Proc/TwoByOneMux.vhd       ;         ;
; FourByOneMux.vhd                 ; yes             ; User VHDL File  ; /home/raja/Desktop/IITB-Proc/FourByOneMux.vhd      ;         ;
; SixteenbitFullAdd.vhd            ; yes             ; User VHDL File  ; /home/raja/Desktop/IITB-Proc/SixteenbitFullAdd.vhd ;         ;
; register_file.vhd                ; yes             ; User VHDL File  ; /home/raja/Desktop/IITB-Proc/register_file.vhd     ;         ;
; OnebitHalfAdd.vhd                ; yes             ; User VHDL File  ; /home/raja/Desktop/IITB-Proc/OnebitHalfAdd.vhd     ;         ;
; OnebitFullAdd.vhd                ; yes             ; User VHDL File  ; /home/raja/Desktop/IITB-Proc/OnebitFullAdd.vhd     ;         ;
; muxQ41.vhd                       ; yes             ; User VHDL File  ; /home/raja/Desktop/IITB-Proc/muxQ41.vhd            ;         ;
; memory_asyncread.vhd             ; yes             ; User VHDL File  ; /home/raja/Desktop/IITB-Proc/memory_asyncread.vhd  ;         ;
; IITB_Proc.vhd                    ; yes             ; User VHDL File  ; /home/raja/Desktop/IITB-Proc/IITB_Proc.vhd         ;         ;
; alu.vhd                          ; yes             ; User VHDL File  ; /home/raja/Desktop/IITB-Proc/alu.vhd               ;         ;
+----------------------------------+-----------------+-----------------+----------------------------------------------------+---------+


+---------------------------------------------------------------------+
; Analysis & Synthesis Resource Usage Summary                         ;
+---------------------------------------------+-----------------------+
; Resource                                    ; Usage                 ;
+---------------------------------------------+-----------------------+
; Estimate of Logic utilization (ALMs needed) ; 0                     ;
;                                             ;                       ;
; Combinational ALUT usage for logic          ; 0                     ;
;     -- 7 input functions                    ; 0                     ;
;     -- 6 input functions                    ; 0                     ;
;     -- 5 input functions                    ; 0                     ;
;     -- 4 input functions                    ; 0                     ;
;     -- <=3 input functions                  ; 0                     ;
;                                             ;                       ;
; Dedicated logic registers                   ; 0                     ;
;                                             ;                       ;
; I/O pins                                    ; 18                    ;
;                                             ;                       ;
; Total DSP Blocks                            ; 0                     ;
;                                             ;                       ;
; Maximum fan-out node                        ; output_main[0]~output ;
; Maximum fan-out                             ; 1                     ;
; Total fan-out                               ; 18                    ;
; Average fan-out                             ; 0.50                  ;
+---------------------------------------------+-----------------------+


+----------------------------------------------------------------------------------------------------------------------------------------------------------------------------------------+
; Analysis & Synthesis Resource Utilization by Entity                                                                                                                                    ;
+----------------------------+---------------------+---------------------------+-------------------+------------+------+--------------+---------------------+-------------+--------------+
; Compilation Hierarchy Node ; Combinational ALUTs ; Dedicated Logic Registers ; Block Memory Bits ; DSP Blocks ; Pins ; Virtual Pins ; Full Hierarchy Name ; Entity Name ; Library Name ;
+----------------------------+---------------------+---------------------------+-------------------+------------+------+--------------+---------------------+-------------+--------------+
; |IITB_Proc                 ; 0 (0)               ; 0 (0)                     ; 0                 ; 0          ; 18   ; 0            ; |IITB_Proc          ; IITB_Proc   ; work         ;
+----------------------------+---------------------+---------------------------+-------------------+------------+------+--------------+---------------------+-------------+--------------+
Note: For table entries with two numbers listed, the numbers in parentheses indicate the number of resources of the given type used by the specific entity alone. The numbers listed outside of parentheses indicate the total resources of the given type used by the specific entity and all of its sub-entities in the hierarchy.


Encoding Type:  One-Hot
+-------------------------------------------------------------------------------------------------------------------------------------------------------------------------------------------------------------------------------------------------------------------------------------------------------------------------------------------------+
; State Machine - |IITB_Proc|state                                                                                                                                                                                                                                                                                                                ;
+-----------+-----------+-----------+-----------+-----------+-----------+-----------+-----------+-----------+-----------+-----------+-----------+-----------+-----------+-----------+-----------+-----------+-----------+-----------+----------+----------+----------+----------+----------+----------+----------+----------+----------+----------+
; Name      ; state.S27 ; state.S26 ; state.S25 ; state.S24 ; state.S23 ; state.S22 ; state.S21 ; state.S20 ; state.S19 ; state.S18 ; state.S17 ; state.S16 ; state.S15 ; state.S14 ; state.S13 ; state.S12 ; state.S11 ; state.S10 ; state.S9 ; state.S8 ; state.S7 ; state.S6 ; state.S5 ; state.S4 ; state.S3 ; state.S2 ; state.S1 ; state.S0 ;
+-----------+-----------+-----------+-----------+-----------+-----------+-----------+-----------+-----------+-----------+-----------+-----------+-----------+-----------+-----------+-----------+-----------+-----------+-----------+----------+----------+----------+----------+----------+----------+----------+----------+----------+----------+
; state.S0  ; 0         ; 0         ; 0         ; 0         ; 0         ; 0         ; 0         ; 0         ; 0         ; 0         ; 0         ; 0         ; 0         ; 0         ; 0         ; 0         ; 0         ; 0         ; 0        ; 0        ; 0        ; 0        ; 0        ; 0        ; 0        ; 0        ; 0        ; 0        ;
; state.S1  ; 0         ; 0         ; 0         ; 0         ; 0         ; 0         ; 0         ; 0         ; 0         ; 0         ; 0         ; 0         ; 0         ; 0         ; 0         ; 0         ; 0         ; 0         ; 0        ; 0        ; 0        ; 0        ; 0        ; 0        ; 0        ; 0        ; 1        ; 1        ;
; state.S2  ; 0         ; 0         ; 0         ; 0         ; 0         ; 0         ; 0         ; 0         ; 0         ; 0         ; 0         ; 0         ; 0         ; 0         ; 0         ; 0         ; 0         ; 0         ; 0        ; 0        ; 0        ; 0        ; 0        ; 0        ; 0        ; 1        ; 0        ; 1        ;
; state.S3  ; 0         ; 0         ; 0         ; 0         ; 0         ; 0         ; 0         ; 0         ; 0         ; 0         ; 0         ; 0         ; 0         ; 0         ; 0         ; 0         ; 0         ; 0         ; 0        ; 0        ; 0        ; 0        ; 0        ; 0        ; 1        ; 0        ; 0        ; 1        ;
; state.S4  ; 0         ; 0         ; 0         ; 0         ; 0         ; 0         ; 0         ; 0         ; 0         ; 0         ; 0         ; 0         ; 0         ; 0         ; 0         ; 0         ; 0         ; 0         ; 0        ; 0        ; 0        ; 0        ; 0        ; 1        ; 0        ; 0        ; 0        ; 1        ;
; state.S5  ; 0         ; 0         ; 0         ; 0         ; 0         ; 0         ; 0         ; 0         ; 0         ; 0         ; 0         ; 0         ; 0         ; 0         ; 0         ; 0         ; 0         ; 0         ; 0        ; 0        ; 0        ; 0        ; 1        ; 0        ; 0        ; 0        ; 0        ; 1        ;
; state.S6  ; 0         ; 0         ; 0         ; 0         ; 0         ; 0         ; 0         ; 0         ; 0         ; 0         ; 0         ; 0         ; 0         ; 0         ; 0         ; 0         ; 0         ; 0         ; 0        ; 0        ; 0        ; 1        ; 0        ; 0        ; 0        ; 0        ; 0        ; 1        ;
; state.S7  ; 0         ; 0         ; 0         ; 0         ; 0         ; 0         ; 0         ; 0         ; 0         ; 0         ; 0         ; 0         ; 0         ; 0         ; 0         ; 0         ; 0         ; 0         ; 0        ; 0        ; 1        ; 0        ; 0        ; 0        ; 0        ; 0        ; 0        ; 1        ;
; state.S8  ; 0         ; 0         ; 0         ; 0         ; 0         ; 0         ; 0         ; 0         ; 0         ; 0         ; 0         ; 0         ; 0         ; 0         ; 0         ; 0         ; 0         ; 0         ; 0        ; 1        ; 0        ; 0        ; 0        ; 0        ; 0        ; 0        ; 0        ; 1        ;
; state.S9  ; 0         ; 0         ; 0         ; 0         ; 0         ; 0         ; 0         ; 0         ; 0         ; 0         ; 0         ; 0         ; 0         ; 0         ; 0         ; 0         ; 0         ; 0         ; 1        ; 0        ; 0        ; 0        ; 0        ; 0        ; 0        ; 0        ; 0        ; 1        ;
; state.S10 ; 0         ; 0         ; 0         ; 0         ; 0         ; 0         ; 0         ; 0         ; 0         ; 0         ; 0         ; 0         ; 0         ; 0         ; 0         ; 0         ; 0         ; 1         ; 0        ; 0        ; 0        ; 0        ; 0        ; 0        ; 0        ; 0        ; 0        ; 1        ;
; state.S11 ; 0         ; 0         ; 0         ; 0         ; 0         ; 0         ; 0         ; 0         ; 0         ; 0         ; 0         ; 0         ; 0         ; 0         ; 0         ; 0         ; 1         ; 0         ; 0        ; 0        ; 0        ; 0        ; 0        ; 0        ; 0        ; 0        ; 0        ; 1        ;
; state.S12 ; 0         ; 0         ; 0         ; 0         ; 0         ; 0         ; 0         ; 0         ; 0         ; 0         ; 0         ; 0         ; 0         ; 0         ; 0         ; 1         ; 0         ; 0         ; 0        ; 0        ; 0        ; 0        ; 0        ; 0        ; 0        ; 0        ; 0        ; 1        ;
; state.S13 ; 0         ; 0         ; 0         ; 0         ; 0         ; 0         ; 0         ; 0         ; 0         ; 0         ; 0         ; 0         ; 0         ; 0         ; 1         ; 0         ; 0         ; 0         ; 0        ; 0        ; 0        ; 0        ; 0        ; 0        ; 0        ; 0        ; 0        ; 1        ;
; state.S14 ; 0         ; 0         ; 0         ; 0         ; 0         ; 0         ; 0         ; 0         ; 0         ; 0         ; 0         ; 0         ; 0         ; 1         ; 0         ; 0         ; 0         ; 0         ; 0        ; 0        ; 0        ; 0        ; 0        ; 0        ; 0        ; 0        ; 0        ; 1        ;
; state.S15 ; 0         ; 0         ; 0         ; 0         ; 0         ; 0         ; 0         ; 0         ; 0         ; 0         ; 0         ; 0         ; 1         ; 0         ; 0         ; 0         ; 0         ; 0         ; 0        ; 0        ; 0        ; 0        ; 0        ; 0        ; 0        ; 0        ; 0        ; 1        ;
; state.S16 ; 0         ; 0         ; 0         ; 0         ; 0         ; 0         ; 0         ; 0         ; 0         ; 0         ; 0         ; 1         ; 0         ; 0         ; 0         ; 0         ; 0         ; 0         ; 0        ; 0        ; 0        ; 0        ; 0        ; 0        ; 0        ; 0        ; 0        ; 1        ;
; state.S17 ; 0         ; 0         ; 0         ; 0         ; 0         ; 0         ; 0         ; 0         ; 0         ; 0         ; 1         ; 0         ; 0         ; 0         ; 0         ; 0         ; 0         ; 0         ; 0        ; 0        ; 0        ; 0        ; 0        ; 0        ; 0        ; 0        ; 0        ; 1        ;
; state.S18 ; 0         ; 0         ; 0         ; 0         ; 0         ; 0         ; 0         ; 0         ; 0         ; 1         ; 0         ; 0         ; 0         ; 0         ; 0         ; 0         ; 0         ; 0         ; 0        ; 0        ; 0        ; 0        ; 0        ; 0        ; 0        ; 0        ; 0        ; 1        ;
; state.S19 ; 0         ; 0         ; 0         ; 0         ; 0         ; 0         ; 0         ; 0         ; 1         ; 0         ; 0         ; 0         ; 0         ; 0         ; 0         ; 0         ; 0         ; 0         ; 0        ; 0        ; 0        ; 0        ; 0        ; 0        ; 0        ; 0        ; 0        ; 1        ;
; state.S20 ; 0         ; 0         ; 0         ; 0         ; 0         ; 0         ; 0         ; 1         ; 0         ; 0         ; 0         ; 0         ; 0         ; 0         ; 0         ; 0         ; 0         ; 0         ; 0        ; 0        ; 0        ; 0        ; 0        ; 0        ; 0        ; 0        ; 0        ; 1        ;
; state.S21 ; 0         ; 0         ; 0         ; 0         ; 0         ; 0         ; 1         ; 0         ; 0         ; 0         ; 0         ; 0         ; 0         ; 0         ; 0         ; 0         ; 0         ; 0         ; 0        ; 0        ; 0        ; 0        ; 0        ; 0        ; 0        ; 0        ; 0        ; 1        ;
; state.S22 ; 0         ; 0         ; 0         ; 0         ; 0         ; 1         ; 0         ; 0         ; 0         ; 0         ; 0         ; 0         ; 0         ; 0         ; 0         ; 0         ; 0         ; 0         ; 0        ; 0        ; 0        ; 0        ; 0        ; 0        ; 0        ; 0        ; 0        ; 1        ;
; state.S23 ; 0         ; 0         ; 0         ; 0         ; 1         ; 0         ; 0         ; 0         ; 0         ; 0         ; 0         ; 0         ; 0         ; 0         ; 0         ; 0         ; 0         ; 0         ; 0        ; 0        ; 0        ; 0        ; 0        ; 0        ; 0        ; 0        ; 0        ; 1        ;
; state.S24 ; 0         ; 0         ; 0         ; 1         ; 0         ; 0         ; 0         ; 0         ; 0         ; 0         ; 0         ; 0         ; 0         ; 0         ; 0         ; 0         ; 0         ; 0         ; 0        ; 0        ; 0        ; 0        ; 0        ; 0        ; 0        ; 0        ; 0        ; 1        ;
; state.S25 ; 0         ; 0         ; 1         ; 0         ; 0         ; 0         ; 0         ; 0         ; 0         ; 0         ; 0         ; 0         ; 0         ; 0         ; 0         ; 0         ; 0         ; 0         ; 0        ; 0        ; 0        ; 0        ; 0        ; 0        ; 0        ; 0        ; 0        ; 1        ;
; state.S26 ; 0         ; 1         ; 0         ; 0         ; 0         ; 0         ; 0         ; 0         ; 0         ; 0         ; 0         ; 0         ; 0         ; 0         ; 0         ; 0         ; 0         ; 0         ; 0        ; 0        ; 0        ; 0        ; 0        ; 0        ; 0        ; 0        ; 0        ; 1        ;
; state.S27 ; 1         ; 0         ; 0         ; 0         ; 0         ; 0         ; 0         ; 0         ; 0         ; 0         ; 0         ; 0         ; 0         ; 0         ; 0         ; 0         ; 0         ; 0         ; 0        ; 0        ; 0        ; 0        ; 0        ; 0        ; 0        ; 0        ; 0        ; 1        ;
+-----------+-----------+-----------+-----------+-----------+-----------+-----------+-----------+-----------+-----------+-----------+-----------+-----------+-----------+-----------+-----------+-----------+-----------+-----------+----------+----------+----------+----------+----------+----------+----------+----------+----------+----------+


+-------------------------------------------------------------+
; Registers Removed During Synthesis                          ;
+----------------------------------------+--------------------+
; Register name                          ; Reason for Removal ;
+----------------------------------------+--------------------+
; IP[0..15]                              ; Lost fanout        ;
; state.S0                               ; Lost fanout        ;
; state.S1                               ; Lost fanout        ;
; state.S2                               ; Lost fanout        ;
; state.S3                               ; Lost fanout        ;
; state.S4                               ; Lost fanout        ;
; state.S5                               ; Lost fanout        ;
; state.S6                               ; Lost fanout        ;
; state.S7                               ; Lost fanout        ;
; state.S8                               ; Lost fanout        ;
; state.S9                               ; Lost fanout        ;
; state.S10                              ; Lost fanout        ;
; state.S11                              ; Lost fanout        ;
; state.S12                              ; Lost fanout        ;
; state.S13                              ; Lost fanout        ;
; state.S14                              ; Lost fanout        ;
; state.S15                              ; Lost fanout        ;
; state.S16                              ; Lost fanout        ;
; state.S17                              ; Lost fanout        ;
; state.S18                              ; Lost fanout        ;
; state.S19                              ; Lost fanout        ;
; state.S20                              ; Lost fanout        ;
; state.S21                              ; Lost fanout        ;
; state.S22                              ; Lost fanout        ;
; state.S23                              ; Lost fanout        ;
; state.S24                              ; Lost fanout        ;
; state.S25                              ; Lost fanout        ;
; state.S26                              ; Lost fanout        ;
; state.S27                              ; Lost fanout        ;
; Total Number of Removed Registers = 44 ;                    ;
+----------------------------------------+--------------------+


+----------------------------------------------------------------------------------------------------------------+
; Removed Registers Triggering Further Register Optimizations                                                    ;
+---------------+--------------------+---------------------------------------------------------------------------+
; Register name ; Reason for Removal ; Registers Removed due to This Register                                    ;
+---------------+--------------------+---------------------------------------------------------------------------+
; IP[3]         ; Lost Fanouts       ; state.S1, state.S2, state.S11, state.S19, state.S22, state.S24, state.S27 ;
+---------------+--------------------+---------------------------------------------------------------------------+


+------------------------------------------------------+
; General Register Statistics                          ;
+----------------------------------------------+-------+
; Statistic                                    ; Value ;
+----------------------------------------------+-------+
; Total registers                              ; 0     ;
; Number of registers using Synchronous Clear  ; 0     ;
; Number of registers using Synchronous Load   ; 0     ;
; Number of registers using Asynchronous Clear ; 0     ;
; Number of registers using Asynchronous Load  ; 0     ;
; Number of registers using Clock Enable       ; 0     ;
; Number of registers using Preset             ; 0     ;
+----------------------------------------------+-------+


+------------------------------------------------------------------------------------------------------------------------------------------+
; Multiplexer Restructuring Statistics (Restructuring Performed)                                                                           ;
+--------------------+-----------+---------------+----------------------+------------------------+------------+----------------------------+
; Multiplexer Inputs ; Bus Width ; Baseline Area ; Area if Restructured ; Saving if Restructured ; Registered ; Example Multiplexer Output ;
+--------------------+-----------+---------------+----------------------+------------------------+------------+----------------------------+
; 5:1                ; 16 bits   ; 48 LEs        ; 32 LEs               ; 16 LEs                 ; Yes        ; |IITB_Proc|IP[15]          ;
; 3:1                ; 9 bits    ; 18 LEs        ; 18 LEs               ; 0 LEs                  ; No         ; |IITB_Proc|Selector28      ;
; 3:1                ; 16 bits   ; 32 LEs        ; 32 LEs               ; 0 LEs                  ; No         ; |IITB_Proc|Selector75      ;
; 4:1                ; 16 bits   ; 32 LEs        ; 32 LEs               ; 0 LEs                  ; No         ; |IITB_Proc|Selector93      ;
; 3:1                ; 13 bits   ; 26 LEs        ; 26 LEs               ; 0 LEs                  ; No         ; |IITB_Proc|Selector162     ;
; 4:1                ; 3 bits    ; 6 LEs         ; 6 LEs                ; 0 LEs                  ; No         ; |IITB_Proc|Selector125     ;
; 5:1                ; 16 bits   ; 48 LEs        ; 48 LEs               ; 0 LEs                  ; No         ; |IITB_Proc|Selector44      ;
; 4:1                ; 16 bits   ; 32 LEs        ; 32 LEs               ; 0 LEs                  ; No         ; |IITB_Proc|Selector168     ;
; 4:1                ; 16 bits   ; 32 LEs        ; 32 LEs               ; 0 LEs                  ; No         ; |IITB_Proc|Selector136     ;
; 4:1                ; 3 bits    ; 6 LEs         ; 6 LEs                ; 0 LEs                  ; No         ; |IITB_Proc|Selector157     ;
; 21:1               ; 4 bits    ; 56 LEs        ; 32 LEs               ; 24 LEs                 ; No         ; |IITB_Proc|state           ;
; 22:1               ; 2 bits    ; 28 LEs        ; 14 LEs               ; 14 LEs                 ; No         ; |IITB_Proc|state           ;
+--------------------+-----------+---------------+----------------------+------------------------+------------+----------------------------+


+---------------------------------------------------------------+
; Port Connectivity Checks: "alu:AluInst|FourByOneMux:MuxInst2" ;
+---------+-------+----------+----------------------------------+
; Port    ; Type  ; Severity ; Details                          ;
+---------+-------+----------+----------------------------------+
; i[3..1] ; Input ; Info     ; Stuck at GND                     ;
+---------+-------+----------+----------------------------------+


+--------------------------------------------------------+
; Port Connectivity Checks: "alu:AluInst|muxQ41:MuxInst" ;
+------+-------+----------+------------------------------+
; Port ; Type  ; Severity ; Details                      ;
+------+-------+----------+------------------------------+
; d3   ; Input ; Info     ; Stuck at GND                 ;
+------+-------+----------+------------------------------+


+------------------------------------------------------------------------------------------------------------------------------------------+
; Port Connectivity Checks: "alu:AluInst|SixteenbitFullAdd:AdderInst|OnebitFullAdd:AdderInst1|OnebitHalfAdd:AdderInst1|TwoByOneMux:MInst2" ;
+------+-------+----------+----------------------------------------------------------------------------------------------------------------+
; Port ; Type  ; Severity ; Details                                                                                                        ;
+------+-------+----------+----------------------------------------------------------------------------------------------------------------+
; i[0] ; Input ; Info     ; Stuck at GND                                                                                                   ;
+------+-------+----------+----------------------------------------------------------------------------------------------------------------+


+------------------------------------------------------------------------------------------------------------------------------------------+
; Port Connectivity Checks: "alu:AluInst|SixteenbitFullAdd:AdderInst|OnebitFullAdd:AdderInst1|OnebitHalfAdd:AdderInst1|TwoByOneMux:MInst1" ;
+------+-------+----------+----------------------------------------------------------------------------------------------------------------+
; Port ; Type  ; Severity ; Details                                                                                                        ;
+------+-------+----------+----------------------------------------------------------------------------------------------------------------+
; i[1] ; Input ; Info     ; Stuck at GND                                                                                                   ;
; i[0] ; Input ; Info     ; Stuck at VCC                                                                                                   ;
+------+-------+----------+----------------------------------------------------------------------------------------------------------------+


+---------------------------------------------------------------------+
; Port Connectivity Checks: "alu:AluInst|SixteenbitFullAdd:AdderInst" ;
+------+-------+----------+-------------------------------------------+
; Port ; Type  ; Severity ; Details                                   ;
+------+-------+----------+-------------------------------------------+
; cin  ; Input ; Info     ; Stuck at GND                              ;
+------+-------+----------+-------------------------------------------+


+-----------------------------------------------------+
; Post-Synthesis Netlist Statistics for Top Partition ;
+-----------------------+-----------------------------+
; Type                  ; Count                       ;
+-----------------------+-----------------------------+
; arriav_lcell_comb     ; 1                           ;
;     normal            ; 1                           ;
;         0 data inputs ; 1                           ;
; boundary_port         ; 18                          ;
;                       ;                             ;
; Max LUT depth         ; 0.00                        ;
; Average LUT depth     ; 0.00                        ;
+-----------------------+-----------------------------+


+-------------------------------+
; Elapsed Time Per Partition    ;
+----------------+--------------+
; Partition Name ; Elapsed Time ;
+----------------+--------------+
; Top            ; 00:00:00     ;
+----------------+--------------+


+-------------------------------+
; Analysis & Synthesis Messages ;
+-------------------------------+
Info: *******************************************************************
Info: Running Quartus Prime Analysis & Synthesis
    Info: Version 20.1.0 Build 711 06/05/2020 SJ Lite Edition
    Info: Processing started: Thu May 20 09:13:58 2021
Info: Command: quartus_map --read_settings_files=on --write_settings_files=off IITB_Proc -c IITB_Proc
Warning (18236): Number of processors has not been specified which may cause overloading on shared machines.  Set the global assignment NUM_PARALLEL_PROCESSORS in your QSF to an appropriate value for best performance.
Info (20030): Parallel compilation is enabled and will use 4 of the 4 processors detected
Info (12021): Found 2 design units, including 1 entities, in source file Testbench.vhdl
    Info (12022): Found design unit 1: Testbench-Behave File: /home/raja/Desktop/IITB-Proc/Testbench.vhdl Line: 9
    Info (12023): Found entity 1: Testbench File: /home/raja/Desktop/IITB-Proc/Testbench.vhdl Line: 7
Info (12021): Found 2 design units, including 1 entities, in source file DUT.vhdl
    Info (12022): Found design unit 1: DUT-DutWrap File: /home/raja/Desktop/IITB-Proc/DUT.vhdl Line: 12
    Info (12023): Found entity 1: DUT File: /home/raja/Desktop/IITB-Proc/DUT.vhdl Line: 7
Info (12021): Found 2 design units, including 1 entities, in source file TwoByOneMux.vhd
    Info (12022): Found design unit 1: TwoByOneMux-TwoByOneMux_arc File: /home/raja/Desktop/IITB-Proc/TwoByOneMux.vhd Line: 14
    Info (12023): Found entity 1: TwoByOneMux File: /home/raja/Desktop/IITB-Proc/TwoByOneMux.vhd Line: 8
Info (12021): Found 2 design units, including 1 entities, in source file FourByOneMux.vhd
    Info (12022): Found design unit 1: FourByOneMux-FourByOneMux_arc File: /home/raja/Desktop/IITB-Proc/FourByOneMux.vhd Line: 14
    Info (12023): Found entity 1: FourByOneMux File: /home/raja/Desktop/IITB-Proc/FourByOneMux.vhd Line: 8
Info (12021): Found 2 design units, including 1 entities, in source file SixteenbitFullAdd.vhd
    Info (12022): Found design unit 1: SixteenbitFullAdd-SixteenbitFullAdd_arc File: /home/raja/Desktop/IITB-Proc/SixteenbitFullAdd.vhd Line: 16
    Info (12023): Found entity 1: SixteenbitFullAdd File: /home/raja/Desktop/IITB-Proc/SixteenbitFullAdd.vhd Line: 8
Info (12021): Found 2 design units, including 1 entities, in source file register_file.vhd
    Info (12022): Found design unit 1: register_file-Behavioral File: /home/raja/Desktop/IITB-Proc/register_file.vhd Line: 21
    Info (12023): Found entity 1: register_file File: /home/raja/Desktop/IITB-Proc/register_file.vhd Line: 9
Info (12021): Found 2 design units, including 1 entities, in source file OnebitHalfAdd.vhd
    Info (12022): Found design unit 1: OnebitHalfAdd-OnebitHalfAdd_arc File: /home/raja/Desktop/IITB-Proc/OnebitHalfAdd.vhd Line: 14
    Info (12023): Found entity 1: OnebitHalfAdd File: /home/raja/Desktop/IITB-Proc/OnebitHalfAdd.vhd Line: 8
Info (12021): Found 2 design units, including 1 entities, in source file OnebitFullAdd.vhd
    Info (12022): Found design unit 1: OnebitFullAdd-OnebitFullAdd_arc File: /home/raja/Desktop/IITB-Proc/OnebitFullAdd.vhd Line: 14
    Info (12023): Found entity 1: OnebitFullAdd File: /home/raja/Desktop/IITB-Proc/OnebitFullAdd.vhd Line: 8
Info (12021): Found 2 design units, including 1 entities, in source file muxQ41.vhd
    Info (12022): Found design unit 1: muxQ41-muxQ41_arc File: /home/raja/Desktop/IITB-Proc/muxQ41.vhd Line: 16
    Info (12023): Found entity 1: muxQ41 File: /home/raja/Desktop/IITB-Proc/muxQ41.vhd Line: 6
Info (12021): Found 2 design units, including 1 entities, in source file memory_asyncread.vhd
    Info (12022): Found design unit 1: memory_asyncread-memory_asyncread_arc File: /home/raja/Desktop/IITB-Proc/memory_asyncread.vhd Line: 19
    Info (12023): Found entity 1: memory_asyncread File: /home/raja/Desktop/IITB-Proc/memory_asyncread.vhd Line: 8
Info (12021): Found 2 design units, including 1 entities, in source file IITB_Proc.vhd
    Info (12022): Found design unit 1: IITB_Proc-main_unit_arc File: /home/raja/Desktop/IITB-Proc/IITB_Proc.vhd Line: 13
    Info (12023): Found entity 1: IITB_Proc File: /home/raja/Desktop/IITB-Proc/IITB_Proc.vhd Line: 8
Info (12021): Found 2 design units, including 1 entities, in source file alu.vhd
    Info (12022): Found design unit 1: alu-Behavioral File: /home/raja/Desktop/IITB-Proc/alu.vhd Line: 16
    Info (12023): Found entity 1: alu File: /home/raja/Desktop/IITB-Proc/alu.vhd Line: 9
Info (12127): Elaborating entity "IITB_Proc" for the top level hierarchy
Warning (10541): VHDL Signal Declaration warning at IITB_Proc.vhd(10): used implicit default value for signal "output_main" because signal was never assigned a value or an explicit default value. Use of implicit default value may introduce unintended design optimizations. File: /home/raja/Desktop/IITB-Proc/IITB_Proc.vhd Line: 10
Warning (10492): VHDL Process Statement warning at IITB_Proc.vhd(68): signal "IP" is read inside the Process Statement but isn't in the Process Statement's sensitivity list File: /home/raja/Desktop/IITB-Proc/IITB_Proc.vhd Line: 68
Warning (10492): VHDL Process Statement warning at IITB_Proc.vhd(69): signal "tmp4" is read inside the Process Statement but isn't in the Process Statement's sensitivity list File: /home/raja/Desktop/IITB-Proc/IITB_Proc.vhd Line: 69
Warning (10492): VHDL Process Statement warning at IITB_Proc.vhd(70): signal "tmp1" is read inside the Process Statement but isn't in the Process Statement's sensitivity list File: /home/raja/Desktop/IITB-Proc/IITB_Proc.vhd Line: 70
Warning (10492): VHDL Process Statement warning at IITB_Proc.vhd(71): signal "tmp2" is read inside the Process Statement but isn't in the Process Statement's sensitivity list File: /home/raja/Desktop/IITB-Proc/IITB_Proc.vhd Line: 71
Warning (10492): VHDL Process Statement warning at IITB_Proc.vhd(72): signal "tmp3" is read inside the Process Statement but isn't in the Process Statement's sensitivity list File: /home/raja/Desktop/IITB-Proc/IITB_Proc.vhd Line: 72
Warning (10492): VHDL Process Statement warning at IITB_Proc.vhd(73): signal "tmp5" is read inside the Process Statement but isn't in the Process Statement's sensitivity list File: /home/raja/Desktop/IITB-Proc/IITB_Proc.vhd Line: 73
Warning (10492): VHDL Process Statement warning at IITB_Proc.vhd(74): signal "zero_flag_tz" is read inside the Process Statement but isn't in the Process Statement's sensitivity list File: /home/raja/Desktop/IITB-Proc/IITB_Proc.vhd Line: 74
Warning (10492): VHDL Process Statement warning at IITB_Proc.vhd(75): signal "carry_flag_tc" is read inside the Process Statement but isn't in the Process Statement's sensitivity list File: /home/raja/Desktop/IITB-Proc/IITB_Proc.vhd Line: 75
Warning (10492): VHDL Process Statement warning at IITB_Proc.vhd(83): signal "IP" is read inside the Process Statement but isn't in the Process Statement's sensitivity list File: /home/raja/Desktop/IITB-Proc/IITB_Proc.vhd Line: 83
Warning (10492): VHDL Process Statement warning at IITB_Proc.vhd(85): signal "mem_dataout" is read inside the Process Statement but isn't in the Process Statement's sensitivity list File: /home/raja/Desktop/IITB-Proc/IITB_Proc.vhd Line: 85
Warning (10492): VHDL Process Statement warning at IITB_Proc.vhd(86): signal "IR" is read inside the Process Statement but isn't in the Process Statement's sensitivity list File: /home/raja/Desktop/IITB-Proc/IITB_Proc.vhd Line: 86
Warning (10492): VHDL Process Statement warning at IITB_Proc.vhd(88): signal "IR" is read inside the Process Statement but isn't in the Process Statement's sensitivity list File: /home/raja/Desktop/IITB-Proc/IITB_Proc.vhd Line: 88
Warning (10492): VHDL Process Statement warning at IITB_Proc.vhd(90): signal "IR" is read inside the Process Statement but isn't in the Process Statement's sensitivity list File: /home/raja/Desktop/IITB-Proc/IITB_Proc.vhd Line: 90
Warning (10492): VHDL Process Statement warning at IITB_Proc.vhd(90): signal "carry_flag_tc" is read inside the Process Statement but isn't in the Process Statement's sensitivity list File: /home/raja/Desktop/IITB-Proc/IITB_Proc.vhd Line: 90
Warning (10492): VHDL Process Statement warning at IITB_Proc.vhd(92): signal "IR" is read inside the Process Statement but isn't in the Process Statement's sensitivity list File: /home/raja/Desktop/IITB-Proc/IITB_Proc.vhd Line: 92
Warning (10492): VHDL Process Statement warning at IITB_Proc.vhd(92): signal "zero_flag_tz" is read inside the Process Statement but isn't in the Process Statement's sensitivity list File: /home/raja/Desktop/IITB-Proc/IITB_Proc.vhd Line: 92
Warning (10492): VHDL Process Statement warning at IITB_Proc.vhd(100): signal "IR" is read inside the Process Statement but isn't in the Process Statement's sensitivity list File: /home/raja/Desktop/IITB-Proc/IITB_Proc.vhd Line: 100
Warning (10492): VHDL Process Statement warning at IITB_Proc.vhd(102): signal "IR" is read inside the Process Statement but isn't in the Process Statement's sensitivity list File: /home/raja/Desktop/IITB-Proc/IITB_Proc.vhd Line: 102
Warning (10492): VHDL Process Statement warning at IITB_Proc.vhd(102): signal "carry_flag_tc" is read inside the Process Statement but isn't in the Process Statement's sensitivity list File: /home/raja/Desktop/IITB-Proc/IITB_Proc.vhd Line: 102
Warning (10492): VHDL Process Statement warning at IITB_Proc.vhd(104): signal "IR" is read inside the Process Statement but isn't in the Process Statement's sensitivity list File: /home/raja/Desktop/IITB-Proc/IITB_Proc.vhd Line: 104
Warning (10492): VHDL Process Statement warning at IITB_Proc.vhd(104): signal "zero_flag_tz" is read inside the Process Statement but isn't in the Process Statement's sensitivity list File: /home/raja/Desktop/IITB-Proc/IITB_Proc.vhd Line: 104
Warning (10492): VHDL Process Statement warning at IITB_Proc.vhd(132): signal "IR" is read inside the Process Statement but isn't in the Process Statement's sensitivity list File: /home/raja/Desktop/IITB-Proc/IITB_Proc.vhd Line: 132
Warning (10492): VHDL Process Statement warning at IITB_Proc.vhd(133): signal "IR" is read inside the Process Statement but isn't in the Process Statement's sensitivity list File: /home/raja/Desktop/IITB-Proc/IITB_Proc.vhd Line: 133
Warning (10492): VHDL Process Statement warning at IITB_Proc.vhd(134): signal "rf_d1" is read inside the Process Statement but isn't in the Process Statement's sensitivity list File: /home/raja/Desktop/IITB-Proc/IITB_Proc.vhd Line: 134
Warning (10492): VHDL Process Statement warning at IITB_Proc.vhd(135): signal "rf_d2" is read inside the Process Statement but isn't in the Process Statement's sensitivity list File: /home/raja/Desktop/IITB-Proc/IITB_Proc.vhd Line: 135
Warning (10492): VHDL Process Statement warning at IITB_Proc.vhd(137): signal "IR" is read inside the Process Statement but isn't in the Process Statement's sensitivity list File: /home/raja/Desktop/IITB-Proc/IITB_Proc.vhd Line: 137
Warning (10492): VHDL Process Statement warning at IITB_Proc.vhd(152): signal "tmp1" is read inside the Process Statement but isn't in the Process Statement's sensitivity list File: /home/raja/Desktop/IITB-Proc/IITB_Proc.vhd Line: 152
Warning (10492): VHDL Process Statement warning at IITB_Proc.vhd(153): signal "tmp2" is read inside the Process Statement but isn't in the Process Statement's sensitivity list File: /home/raja/Desktop/IITB-Proc/IITB_Proc.vhd Line: 153
Warning (10492): VHDL Process Statement warning at IITB_Proc.vhd(155): signal "alu_c" is read inside the Process Statement but isn't in the Process Statement's sensitivity list File: /home/raja/Desktop/IITB-Proc/IITB_Proc.vhd Line: 155
Warning (10492): VHDL Process Statement warning at IITB_Proc.vhd(157): signal "ALU_carry" is read inside the Process Statement but isn't in the Process Statement's sensitivity list File: /home/raja/Desktop/IITB-Proc/IITB_Proc.vhd Line: 157
Warning (10492): VHDL Process Statement warning at IITB_Proc.vhd(158): signal "ALU_zero" is read inside the Process Statement but isn't in the Process Statement's sensitivity list File: /home/raja/Desktop/IITB-Proc/IITB_Proc.vhd Line: 158
Warning (10492): VHDL Process Statement warning at IITB_Proc.vhd(159): signal "IR" is read inside the Process Statement but isn't in the Process Statement's sensitivity list File: /home/raja/Desktop/IITB-Proc/IITB_Proc.vhd Line: 159
Warning (10492): VHDL Process Statement warning at IITB_Proc.vhd(171): signal "tmp3" is read inside the Process Statement but isn't in the Process Statement's sensitivity list File: /home/raja/Desktop/IITB-Proc/IITB_Proc.vhd Line: 171
Warning (10492): VHDL Process Statement warning at IITB_Proc.vhd(172): signal "IR" is read inside the Process Statement but isn't in the Process Statement's sensitivity list File: /home/raja/Desktop/IITB-Proc/IITB_Proc.vhd Line: 172
Warning (10492): VHDL Process Statement warning at IITB_Proc.vhd(178): signal "IP" is read inside the Process Statement but isn't in the Process Statement's sensitivity list File: /home/raja/Desktop/IITB-Proc/IITB_Proc.vhd Line: 178
Warning (10492): VHDL Process Statement warning at IITB_Proc.vhd(181): signal "alu_c" is read inside the Process Statement but isn't in the Process Statement's sensitivity list File: /home/raja/Desktop/IITB-Proc/IITB_Proc.vhd Line: 181
Warning (10492): VHDL Process Statement warning at IITB_Proc.vhd(188): signal "IR" is read inside the Process Statement but isn't in the Process Statement's sensitivity list File: /home/raja/Desktop/IITB-Proc/IITB_Proc.vhd Line: 188
Warning (10492): VHDL Process Statement warning at IITB_Proc.vhd(189): signal "rf_d1" is read inside the Process Statement but isn't in the Process Statement's sensitivity list File: /home/raja/Desktop/IITB-Proc/IITB_Proc.vhd Line: 189
Warning (10492): VHDL Process Statement warning at IITB_Proc.vhd(191): signal "IR" is read inside the Process Statement but isn't in the Process Statement's sensitivity list File: /home/raja/Desktop/IITB-Proc/IITB_Proc.vhd Line: 191
Warning (10492): VHDL Process Statement warning at IITB_Proc.vhd(198): signal "tmp3" is read inside the Process Statement but isn't in the Process Statement's sensitivity list File: /home/raja/Desktop/IITB-Proc/IITB_Proc.vhd Line: 198
Warning (10492): VHDL Process Statement warning at IITB_Proc.vhd(199): signal "IR" is read inside the Process Statement but isn't in the Process Statement's sensitivity list File: /home/raja/Desktop/IITB-Proc/IITB_Proc.vhd Line: 199
Warning (10492): VHDL Process Statement warning at IITB_Proc.vhd(205): signal "tmp1" is read inside the Process Statement but isn't in the Process Statement's sensitivity list File: /home/raja/Desktop/IITB-Proc/IITB_Proc.vhd Line: 205
Warning (10492): VHDL Process Statement warning at IITB_Proc.vhd(206): signal "tmp2" is read inside the Process Statement but isn't in the Process Statement's sensitivity list File: /home/raja/Desktop/IITB-Proc/IITB_Proc.vhd Line: 206
Warning (10492): VHDL Process Statement warning at IITB_Proc.vhd(208): signal "alu_c" is read inside the Process Statement but isn't in the Process Statement's sensitivity list File: /home/raja/Desktop/IITB-Proc/IITB_Proc.vhd Line: 208
Warning (10492): VHDL Process Statement warning at IITB_Proc.vhd(209): signal "ALU_zero" is read inside the Process Statement but isn't in the Process Statement's sensitivity list File: /home/raja/Desktop/IITB-Proc/IITB_Proc.vhd Line: 209
Warning (10492): VHDL Process Statement warning at IITB_Proc.vhd(217): signal "IR" is read inside the Process Statement but isn't in the Process Statement's sensitivity list File: /home/raja/Desktop/IITB-Proc/IITB_Proc.vhd Line: 217
Warning (10492): VHDL Process Statement warning at IITB_Proc.vhd(225): signal "tmp1" is read inside the Process Statement but isn't in the Process Statement's sensitivity list File: /home/raja/Desktop/IITB-Proc/IITB_Proc.vhd Line: 225
Warning (10492): VHDL Process Statement warning at IITB_Proc.vhd(226): signal "IR" is read inside the Process Statement but isn't in the Process Statement's sensitivity list File: /home/raja/Desktop/IITB-Proc/IITB_Proc.vhd Line: 226
Warning (10492): VHDL Process Statement warning at IITB_Proc.vhd(233): signal "tmp2" is read inside the Process Statement but isn't in the Process Statement's sensitivity list File: /home/raja/Desktop/IITB-Proc/IITB_Proc.vhd Line: 233
Warning (10492): VHDL Process Statement warning at IITB_Proc.vhd(234): signal "IR" is read inside the Process Statement but isn't in the Process Statement's sensitivity list File: /home/raja/Desktop/IITB-Proc/IITB_Proc.vhd Line: 234
Warning (10492): VHDL Process Statement warning at IITB_Proc.vhd(237): signal "alu_c" is read inside the Process Statement but isn't in the Process Statement's sensitivity list File: /home/raja/Desktop/IITB-Proc/IITB_Proc.vhd Line: 237
Warning (10492): VHDL Process Statement warning at IITB_Proc.vhd(238): signal "ALU_zero" is read inside the Process Statement but isn't in the Process Statement's sensitivity list File: /home/raja/Desktop/IITB-Proc/IITB_Proc.vhd Line: 238
Warning (10492): VHDL Process Statement warning at IITB_Proc.vhd(246): signal "tmp3" is read inside the Process Statement but isn't in the Process Statement's sensitivity list File: /home/raja/Desktop/IITB-Proc/IITB_Proc.vhd Line: 246
Warning (10492): VHDL Process Statement warning at IITB_Proc.vhd(247): signal "mem_dataout" is read inside the Process Statement but isn't in the Process Statement's sensitivity list File: /home/raja/Desktop/IITB-Proc/IITB_Proc.vhd Line: 247
Warning (10492): VHDL Process Statement warning at IITB_Proc.vhd(254): signal "tmp3" is read inside the Process Statement but isn't in the Process Statement's sensitivity list File: /home/raja/Desktop/IITB-Proc/IITB_Proc.vhd Line: 254
Warning (10492): VHDL Process Statement warning at IITB_Proc.vhd(255): signal "IR" is read inside the Process Statement but isn't in the Process Statement's sensitivity list File: /home/raja/Desktop/IITB-Proc/IITB_Proc.vhd Line: 255
Warning (10492): VHDL Process Statement warning at IITB_Proc.vhd(261): signal "tmp2" is read inside the Process Statement but isn't in the Process Statement's sensitivity list File: /home/raja/Desktop/IITB-Proc/IITB_Proc.vhd Line: 261
Warning (10492): VHDL Process Statement warning at IITB_Proc.vhd(262): signal "IR" is read inside the Process Statement but isn't in the Process Statement's sensitivity list File: /home/raja/Desktop/IITB-Proc/IITB_Proc.vhd Line: 262
Warning (10492): VHDL Process Statement warning at IITB_Proc.vhd(265): signal "alu_c" is read inside the Process Statement but isn't in the Process Statement's sensitivity list File: /home/raja/Desktop/IITB-Proc/IITB_Proc.vhd Line: 265
Warning (10492): VHDL Process Statement warning at IITB_Proc.vhd(271): signal "tmp3" is read inside the Process Statement but isn't in the Process Statement's sensitivity list File: /home/raja/Desktop/IITB-Proc/IITB_Proc.vhd Line: 271
Warning (10492): VHDL Process Statement warning at IITB_Proc.vhd(272): signal "tmp1" is read inside the Process Statement but isn't in the Process Statement's sensitivity list File: /home/raja/Desktop/IITB-Proc/IITB_Proc.vhd Line: 272
Warning (10492): VHDL Process Statement warning at IITB_Proc.vhd(278): signal "IR" is read inside the Process Statement but isn't in the Process Statement's sensitivity list File: /home/raja/Desktop/IITB-Proc/IITB_Proc.vhd Line: 278
Warning (10492): VHDL Process Statement warning at IITB_Proc.vhd(279): signal "rf_d1" is read inside the Process Statement but isn't in the Process Statement's sensitivity list File: /home/raja/Desktop/IITB-Proc/IITB_Proc.vhd Line: 279
Warning (10492): VHDL Process Statement warning at IITB_Proc.vhd(286): signal "tmp1" is read inside the Process Statement but isn't in the Process Statement's sensitivity list File: /home/raja/Desktop/IITB-Proc/IITB_Proc.vhd Line: 286
Warning (10492): VHDL Process Statement warning at IITB_Proc.vhd(287): signal "tmp2" is read inside the Process Statement but isn't in the Process Statement's sensitivity list File: /home/raja/Desktop/IITB-Proc/IITB_Proc.vhd Line: 287
Warning (10492): VHDL Process Statement warning at IITB_Proc.vhd(289): signal "alu_c" is read inside the Process Statement but isn't in the Process Statement's sensitivity list File: /home/raja/Desktop/IITB-Proc/IITB_Proc.vhd Line: 289
Warning (10492): VHDL Process Statement warning at IITB_Proc.vhd(291): signal "IR" is read inside the Process Statement but isn't in the Process Statement's sensitivity list File: /home/raja/Desktop/IITB-Proc/IITB_Proc.vhd Line: 291
Warning (10492): VHDL Process Statement warning at IITB_Proc.vhd(293): signal "IR" is read inside the Process Statement but isn't in the Process Statement's sensitivity list File: /home/raja/Desktop/IITB-Proc/IITB_Proc.vhd Line: 293
Warning (10492): VHDL Process Statement warning at IITB_Proc.vhd(300): signal "tmp3" is read inside the Process Statement but isn't in the Process Statement's sensitivity list File: /home/raja/Desktop/IITB-Proc/IITB_Proc.vhd Line: 300
Warning (10492): VHDL Process Statement warning at IITB_Proc.vhd(301): signal "mem_dataout" is read inside the Process Statement but isn't in the Process Statement's sensitivity list File: /home/raja/Desktop/IITB-Proc/IITB_Proc.vhd Line: 301
Warning (10492): VHDL Process Statement warning at IITB_Proc.vhd(308): signal "tmp2" is read inside the Process Statement but isn't in the Process Statement's sensitivity list File: /home/raja/Desktop/IITB-Proc/IITB_Proc.vhd Line: 308
Warning (10492): VHDL Process Statement warning at IITB_Proc.vhd(309): signal "tmp4" is read inside the Process Statement but isn't in the Process Statement's sensitivity list File: /home/raja/Desktop/IITB-Proc/IITB_Proc.vhd Line: 309
Warning (10492): VHDL Process Statement warning at IITB_Proc.vhd(310): signal "tmp2" is read inside the Process Statement but isn't in the Process Statement's sensitivity list File: /home/raja/Desktop/IITB-Proc/IITB_Proc.vhd Line: 310
Warning (10492): VHDL Process Statement warning at IITB_Proc.vhd(317): signal "tmp5" is read inside the Process Statement but isn't in the Process Statement's sensitivity list File: /home/raja/Desktop/IITB-Proc/IITB_Proc.vhd Line: 317
Warning (10492): VHDL Process Statement warning at IITB_Proc.vhd(321): signal "alu_c" is read inside the Process Statement but isn't in the Process Statement's sensitivity list File: /home/raja/Desktop/IITB-Proc/IITB_Proc.vhd Line: 321
Warning (10492): VHDL Process Statement warning at IITB_Proc.vhd(323): signal "ALU_count8" is read inside the Process Statement but isn't in the Process Statement's sensitivity list File: /home/raja/Desktop/IITB-Proc/IITB_Proc.vhd Line: 323
Warning (10492): VHDL Process Statement warning at IITB_Proc.vhd(325): signal "ALU_count8" is read inside the Process Statement but isn't in the Process Statement's sensitivity list File: /home/raja/Desktop/IITB-Proc/IITB_Proc.vhd Line: 325
Warning (10492): VHDL Process Statement warning at IITB_Proc.vhd(332): signal "tmp2" is read inside the Process Statement but isn't in the Process Statement's sensitivity list File: /home/raja/Desktop/IITB-Proc/IITB_Proc.vhd Line: 332
Warning (10492): VHDL Process Statement warning at IITB_Proc.vhd(333): signal "rf_d2" is read inside the Process Statement but isn't in the Process Statement's sensitivity list File: /home/raja/Desktop/IITB-Proc/IITB_Proc.vhd Line: 333
Warning (10492): VHDL Process Statement warning at IITB_Proc.vhd(340): signal "tmp3" is read inside the Process Statement but isn't in the Process Statement's sensitivity list File: /home/raja/Desktop/IITB-Proc/IITB_Proc.vhd Line: 340
Warning (10492): VHDL Process Statement warning at IITB_Proc.vhd(341): signal "tmp4" is read inside the Process Statement but isn't in the Process Statement's sensitivity list File: /home/raja/Desktop/IITB-Proc/IITB_Proc.vhd Line: 341
Warning (10492): VHDL Process Statement warning at IITB_Proc.vhd(342): signal "tmp2" is read inside the Process Statement but isn't in the Process Statement's sensitivity list File: /home/raja/Desktop/IITB-Proc/IITB_Proc.vhd Line: 342
Warning (10492): VHDL Process Statement warning at IITB_Proc.vhd(348): signal "IR" is read inside the Process Statement but isn't in the Process Statement's sensitivity list File: /home/raja/Desktop/IITB-Proc/IITB_Proc.vhd Line: 348
Warning (10492): VHDL Process Statement warning at IITB_Proc.vhd(349): signal "IR" is read inside the Process Statement but isn't in the Process Statement's sensitivity list File: /home/raja/Desktop/IITB-Proc/IITB_Proc.vhd Line: 349
Warning (10492): VHDL Process Statement warning at IITB_Proc.vhd(350): signal "rf_d1" is read inside the Process Statement but isn't in the Process Statement's sensitivity list File: /home/raja/Desktop/IITB-Proc/IITB_Proc.vhd Line: 350
Warning (10492): VHDL Process Statement warning at IITB_Proc.vhd(351): signal "rf_d2" is read inside the Process Statement but isn't in the Process Statement's sensitivity list File: /home/raja/Desktop/IITB-Proc/IITB_Proc.vhd Line: 351
Warning (10492): VHDL Process Statement warning at IITB_Proc.vhd(352): signal "IP" is read inside the Process Statement but isn't in the Process Statement's sensitivity list File: /home/raja/Desktop/IITB-Proc/IITB_Proc.vhd Line: 352
Warning (10492): VHDL Process Statement warning at IITB_Proc.vhd(353): signal "IR" is read inside the Process Statement but isn't in the Process Statement's sensitivity list File: /home/raja/Desktop/IITB-Proc/IITB_Proc.vhd Line: 353
Warning (10492): VHDL Process Statement warning at IITB_Proc.vhd(355): signal "alu_c" is read inside the Process Statement but isn't in the Process Statement's sensitivity list File: /home/raja/Desktop/IITB-Proc/IITB_Proc.vhd Line: 355
Warning (10492): VHDL Process Statement warning at IITB_Proc.vhd(362): signal "tmp1" is read inside the Process Statement but isn't in the Process Statement's sensitivity list File: /home/raja/Desktop/IITB-Proc/IITB_Proc.vhd Line: 362
Warning (10492): VHDL Process Statement warning at IITB_Proc.vhd(363): signal "tmp2" is read inside the Process Statement but isn't in the Process Statement's sensitivity list File: /home/raja/Desktop/IITB-Proc/IITB_Proc.vhd Line: 363
Warning (10492): VHDL Process Statement warning at IITB_Proc.vhd(365): signal "alu_c" is read inside the Process Statement but isn't in the Process Statement's sensitivity list File: /home/raja/Desktop/IITB-Proc/IITB_Proc.vhd Line: 365
Warning (10492): VHDL Process Statement warning at IITB_Proc.vhd(367): signal "ALU_zero" is read inside the Process Statement but isn't in the Process Statement's sensitivity list File: /home/raja/Desktop/IITB-Proc/IITB_Proc.vhd Line: 367
Warning (10492): VHDL Process Statement warning at IITB_Proc.vhd(369): signal "ALU_zero" is read inside the Process Statement but isn't in the Process Statement's sensitivity list File: /home/raja/Desktop/IITB-Proc/IITB_Proc.vhd Line: 369
Warning (10492): VHDL Process Statement warning at IITB_Proc.vhd(376): signal "tmp3" is read inside the Process Statement but isn't in the Process Statement's sensitivity list File: /home/raja/Desktop/IITB-Proc/IITB_Proc.vhd Line: 376
Warning (10492): VHDL Process Statement warning at IITB_Proc.vhd(382): signal "IR" is read inside the Process Statement but isn't in the Process Statement's sensitivity list File: /home/raja/Desktop/IITB-Proc/IITB_Proc.vhd Line: 382
Warning (10492): VHDL Process Statement warning at IITB_Proc.vhd(383): signal "IP" is read inside the Process Statement but isn't in the Process Statement's sensitivity list File: /home/raja/Desktop/IITB-Proc/IITB_Proc.vhd Line: 383
Warning (10492): VHDL Process Statement warning at IITB_Proc.vhd(385): signal "IR" is read inside the Process Statement but isn't in the Process Statement's sensitivity list File: /home/raja/Desktop/IITB-Proc/IITB_Proc.vhd Line: 385
Warning (10492): VHDL Process Statement warning at IITB_Proc.vhd(387): signal "IR" is read inside the Process Statement but isn't in the Process Statement's sensitivity list File: /home/raja/Desktop/IITB-Proc/IITB_Proc.vhd Line: 387
Warning (10492): VHDL Process Statement warning at IITB_Proc.vhd(394): signal "IP" is read inside the Process Statement but isn't in the Process Statement's sensitivity list File: /home/raja/Desktop/IITB-Proc/IITB_Proc.vhd Line: 394
Warning (10492): VHDL Process Statement warning at IITB_Proc.vhd(395): signal "IR" is read inside the Process Statement but isn't in the Process Statement's sensitivity list File: /home/raja/Desktop/IITB-Proc/IITB_Proc.vhd Line: 395
Warning (10492): VHDL Process Statement warning at IITB_Proc.vhd(397): signal "alu_c" is read inside the Process Statement but isn't in the Process Statement's sensitivity list File: /home/raja/Desktop/IITB-Proc/IITB_Proc.vhd Line: 397
Warning (10492): VHDL Process Statement warning at IITB_Proc.vhd(404): signal "tmp2" is read inside the Process Statement but isn't in the Process Statement's sensitivity list File: /home/raja/Desktop/IITB-Proc/IITB_Proc.vhd Line: 404
Warning (10631): VHDL Process Statement warning at IITB_Proc.vhd(60): inferring latch(es) for signal or variable "mem_w", which holds its previous value in one or more paths through the process File: /home/raja/Desktop/IITB-Proc/IITB_Proc.vhd Line: 60
Warning (10631): VHDL Process Statement warning at IITB_Proc.vhd(60): inferring latch(es) for signal or variable "mem_add", which holds its previous value in one or more paths through the process File: /home/raja/Desktop/IITB-Proc/IITB_Proc.vhd Line: 60
Warning (10631): VHDL Process Statement warning at IITB_Proc.vhd(60): inferring latch(es) for signal or variable "IR", which holds its previous value in one or more paths through the process File: /home/raja/Desktop/IITB-Proc/IITB_Proc.vhd Line: 60
Warning (10631): VHDL Process Statement warning at IITB_Proc.vhd(60): inferring latch(es) for signal or variable "rf_w", which holds its previous value in one or more paths through the process File: /home/raja/Desktop/IITB-Proc/IITB_Proc.vhd Line: 60
Warning (10631): VHDL Process Statement warning at IITB_Proc.vhd(60): inferring latch(es) for signal or variable "rf_a1", which holds its previous value in one or more paths through the process File: /home/raja/Desktop/IITB-Proc/IITB_Proc.vhd Line: 60
Warning (10631): VHDL Process Statement warning at IITB_Proc.vhd(60): inferring latch(es) for signal or variable "rf_a2", which holds its previous value in one or more paths through the process File: /home/raja/Desktop/IITB-Proc/IITB_Proc.vhd Line: 60
Warning (10631): VHDL Process Statement warning at IITB_Proc.vhd(60): inferring latch(es) for signal or variable "alu_a", which holds its previous value in one or more paths through the process File: /home/raja/Desktop/IITB-Proc/IITB_Proc.vhd Line: 60
Warning (10631): VHDL Process Statement warning at IITB_Proc.vhd(60): inferring latch(es) for signal or variable "alu_b", which holds its previous value in one or more paths through the process File: /home/raja/Desktop/IITB-Proc/IITB_Proc.vhd Line: 60
Warning (10631): VHDL Process Statement warning at IITB_Proc.vhd(60): inferring latch(es) for signal or variable "alu_con", which holds its previous value in one or more paths through the process File: /home/raja/Desktop/IITB-Proc/IITB_Proc.vhd Line: 60
Warning (10631): VHDL Process Statement warning at IITB_Proc.vhd(60): inferring latch(es) for signal or variable "rf_d3", which holds its previous value in one or more paths through the process File: /home/raja/Desktop/IITB-Proc/IITB_Proc.vhd Line: 60
Warning (10631): VHDL Process Statement warning at IITB_Proc.vhd(60): inferring latch(es) for signal or variable "rf_a3", which holds its previous value in one or more paths through the process File: /home/raja/Desktop/IITB-Proc/IITB_Proc.vhd Line: 60
Warning (10631): VHDL Process Statement warning at IITB_Proc.vhd(60): inferring latch(es) for signal or variable "mem_datain", which holds its previous value in one or more paths through the process File: /home/raja/Desktop/IITB-Proc/IITB_Proc.vhd Line: 60
Warning (10631): VHDL Process Statement warning at IITB_Proc.vhd(60): inferring latch(es) for signal or variable "tmp1", which holds its previous value in one or more paths through the process File: /home/raja/Desktop/IITB-Proc/IITB_Proc.vhd Line: 60
Warning (10631): VHDL Process Statement warning at IITB_Proc.vhd(60): inferring latch(es) for signal or variable "tmp2", which holds its previous value in one or more paths through the process File: /home/raja/Desktop/IITB-Proc/IITB_Proc.vhd Line: 60
Warning (10631): VHDL Process Statement warning at IITB_Proc.vhd(60): inferring latch(es) for signal or variable "tmp3", which holds its previous value in one or more paths through the process File: /home/raja/Desktop/IITB-Proc/IITB_Proc.vhd Line: 60
Warning (10631): VHDL Process Statement warning at IITB_Proc.vhd(60): inferring latch(es) for signal or variable "tmp4", which holds its previous value in one or more paths through the process File: /home/raja/Desktop/IITB-Proc/IITB_Proc.vhd Line: 60
Warning (10631): VHDL Process Statement warning at IITB_Proc.vhd(60): inferring latch(es) for signal or variable "tmp5", which holds its previous value in one or more paths through the process File: /home/raja/Desktop/IITB-Proc/IITB_Proc.vhd Line: 60
Warning (10631): VHDL Process Statement warning at IITB_Proc.vhd(60): inferring latch(es) for signal or variable "carry_flag_tc", which holds its previous value in one or more paths through the process File: /home/raja/Desktop/IITB-Proc/IITB_Proc.vhd Line: 60
Warning (10631): VHDL Process Statement warning at IITB_Proc.vhd(60): inferring latch(es) for signal or variable "zero_flag_tz", which holds its previous value in one or more paths through the process File: /home/raja/Desktop/IITB-Proc/IITB_Proc.vhd Line: 60
Info (10041): Inferred latch for "mem_datain[0]" at IITB_Proc.vhd(60) File: /home/raja/Desktop/IITB-Proc/IITB_Proc.vhd Line: 60
Info (10041): Inferred latch for "mem_datain[1]" at IITB_Proc.vhd(60) File: /home/raja/Desktop/IITB-Proc/IITB_Proc.vhd Line: 60
Info (10041): Inferred latch for "mem_datain[2]" at IITB_Proc.vhd(60) File: /home/raja/Desktop/IITB-Proc/IITB_Proc.vhd Line: 60
Info (10041): Inferred latch for "mem_datain[3]" at IITB_Proc.vhd(60) File: /home/raja/Desktop/IITB-Proc/IITB_Proc.vhd Line: 60
Info (10041): Inferred latch for "mem_datain[4]" at IITB_Proc.vhd(60) File: /home/raja/Desktop/IITB-Proc/IITB_Proc.vhd Line: 60
Info (10041): Inferred latch for "mem_datain[5]" at IITB_Proc.vhd(60) File: /home/raja/Desktop/IITB-Proc/IITB_Proc.vhd Line: 60
Info (10041): Inferred latch for "mem_datain[6]" at IITB_Proc.vhd(60) File: /home/raja/Desktop/IITB-Proc/IITB_Proc.vhd Line: 60
Info (10041): Inferred latch for "mem_datain[7]" at IITB_Proc.vhd(60) File: /home/raja/Desktop/IITB-Proc/IITB_Proc.vhd Line: 60
Info (10041): Inferred latch for "mem_datain[8]" at IITB_Proc.vhd(60) File: /home/raja/Desktop/IITB-Proc/IITB_Proc.vhd Line: 60
Info (10041): Inferred latch for "mem_datain[9]" at IITB_Proc.vhd(60) File: /home/raja/Desktop/IITB-Proc/IITB_Proc.vhd Line: 60
Info (10041): Inferred latch for "mem_datain[10]" at IITB_Proc.vhd(60) File: /home/raja/Desktop/IITB-Proc/IITB_Proc.vhd Line: 60
Info (10041): Inferred latch for "mem_datain[11]" at IITB_Proc.vhd(60) File: /home/raja/Desktop/IITB-Proc/IITB_Proc.vhd Line: 60
Info (10041): Inferred latch for "mem_datain[12]" at IITB_Proc.vhd(60) File: /home/raja/Desktop/IITB-Proc/IITB_Proc.vhd Line: 60
Info (10041): Inferred latch for "mem_datain[13]" at IITB_Proc.vhd(60) File: /home/raja/Desktop/IITB-Proc/IITB_Proc.vhd Line: 60
Info (10041): Inferred latch for "mem_datain[14]" at IITB_Proc.vhd(60) File: /home/raja/Desktop/IITB-Proc/IITB_Proc.vhd Line: 60
Info (10041): Inferred latch for "mem_datain[15]" at IITB_Proc.vhd(60) File: /home/raja/Desktop/IITB-Proc/IITB_Proc.vhd Line: 60
Info (10041): Inferred latch for "rf_a3[0]" at IITB_Proc.vhd(60) File: /home/raja/Desktop/IITB-Proc/IITB_Proc.vhd Line: 60
Info (10041): Inferred latch for "rf_a3[1]" at IITB_Proc.vhd(60) File: /home/raja/Desktop/IITB-Proc/IITB_Proc.vhd Line: 60
Info (10041): Inferred latch for "rf_a3[2]" at IITB_Proc.vhd(60) File: /home/raja/Desktop/IITB-Proc/IITB_Proc.vhd Line: 60
Info (10041): Inferred latch for "rf_d3[0]" at IITB_Proc.vhd(60) File: /home/raja/Desktop/IITB-Proc/IITB_Proc.vhd Line: 60
Info (10041): Inferred latch for "rf_d3[1]" at IITB_Proc.vhd(60) File: /home/raja/Desktop/IITB-Proc/IITB_Proc.vhd Line: 60
Info (10041): Inferred latch for "rf_d3[2]" at IITB_Proc.vhd(60) File: /home/raja/Desktop/IITB-Proc/IITB_Proc.vhd Line: 60
Info (10041): Inferred latch for "rf_d3[3]" at IITB_Proc.vhd(60) File: /home/raja/Desktop/IITB-Proc/IITB_Proc.vhd Line: 60
Info (10041): Inferred latch for "rf_d3[4]" at IITB_Proc.vhd(60) File: /home/raja/Desktop/IITB-Proc/IITB_Proc.vhd Line: 60
Info (10041): Inferred latch for "rf_d3[5]" at IITB_Proc.vhd(60) File: /home/raja/Desktop/IITB-Proc/IITB_Proc.vhd Line: 60
Info (10041): Inferred latch for "rf_d3[6]" at IITB_Proc.vhd(60) File: /home/raja/Desktop/IITB-Proc/IITB_Proc.vhd Line: 60
Info (10041): Inferred latch for "rf_d3[7]" at IITB_Proc.vhd(60) File: /home/raja/Desktop/IITB-Proc/IITB_Proc.vhd Line: 60
Info (10041): Inferred latch for "rf_d3[8]" at IITB_Proc.vhd(60) File: /home/raja/Desktop/IITB-Proc/IITB_Proc.vhd Line: 60
Info (10041): Inferred latch for "rf_d3[9]" at IITB_Proc.vhd(60) File: /home/raja/Desktop/IITB-Proc/IITB_Proc.vhd Line: 60
Info (10041): Inferred latch for "rf_d3[10]" at IITB_Proc.vhd(60) File: /home/raja/Desktop/IITB-Proc/IITB_Proc.vhd Line: 60
Info (10041): Inferred latch for "rf_d3[11]" at IITB_Proc.vhd(60) File: /home/raja/Desktop/IITB-Proc/IITB_Proc.vhd Line: 60
Info (10041): Inferred latch for "rf_d3[12]" at IITB_Proc.vhd(60) File: /home/raja/Desktop/IITB-Proc/IITB_Proc.vhd Line: 60
Info (10041): Inferred latch for "rf_d3[13]" at IITB_Proc.vhd(60) File: /home/raja/Desktop/IITB-Proc/IITB_Proc.vhd Line: 60
Info (10041): Inferred latch for "rf_d3[14]" at IITB_Proc.vhd(60) File: /home/raja/Desktop/IITB-Proc/IITB_Proc.vhd Line: 60
Info (10041): Inferred latch for "rf_d3[15]" at IITB_Proc.vhd(60) File: /home/raja/Desktop/IITB-Proc/IITB_Proc.vhd Line: 60
Info (10041): Inferred latch for "alu_con[0]" at IITB_Proc.vhd(60) File: /home/raja/Desktop/IITB-Proc/IITB_Proc.vhd Line: 60
Info (10041): Inferred latch for "alu_con[1]" at IITB_Proc.vhd(60) File: /home/raja/Desktop/IITB-Proc/IITB_Proc.vhd Line: 60
Info (10041): Inferred latch for "alu_b[0]" at IITB_Proc.vhd(60) File: /home/raja/Desktop/IITB-Proc/IITB_Proc.vhd Line: 60
Info (10041): Inferred latch for "alu_b[1]" at IITB_Proc.vhd(60) File: /home/raja/Desktop/IITB-Proc/IITB_Proc.vhd Line: 60
Info (10041): Inferred latch for "alu_b[2]" at IITB_Proc.vhd(60) File: /home/raja/Desktop/IITB-Proc/IITB_Proc.vhd Line: 60
Info (10041): Inferred latch for "alu_b[3]" at IITB_Proc.vhd(60) File: /home/raja/Desktop/IITB-Proc/IITB_Proc.vhd Line: 60
Info (10041): Inferred latch for "alu_b[4]" at IITB_Proc.vhd(60) File: /home/raja/Desktop/IITB-Proc/IITB_Proc.vhd Line: 60
Info (10041): Inferred latch for "alu_b[5]" at IITB_Proc.vhd(60) File: /home/raja/Desktop/IITB-Proc/IITB_Proc.vhd Line: 60
Info (10041): Inferred latch for "alu_b[6]" at IITB_Proc.vhd(60) File: /home/raja/Desktop/IITB-Proc/IITB_Proc.vhd Line: 60
Info (10041): Inferred latch for "alu_b[7]" at IITB_Proc.vhd(60) File: /home/raja/Desktop/IITB-Proc/IITB_Proc.vhd Line: 60
Info (10041): Inferred latch for "alu_b[8]" at IITB_Proc.vhd(60) File: /home/raja/Desktop/IITB-Proc/IITB_Proc.vhd Line: 60
Info (10041): Inferred latch for "alu_b[9]" at IITB_Proc.vhd(60) File: /home/raja/Desktop/IITB-Proc/IITB_Proc.vhd Line: 60
Info (10041): Inferred latch for "alu_b[10]" at IITB_Proc.vhd(60) File: /home/raja/Desktop/IITB-Proc/IITB_Proc.vhd Line: 60
Info (10041): Inferred latch for "alu_b[11]" at IITB_Proc.vhd(60) File: /home/raja/Desktop/IITB-Proc/IITB_Proc.vhd Line: 60
Info (10041): Inferred latch for "alu_b[12]" at IITB_Proc.vhd(60) File: /home/raja/Desktop/IITB-Proc/IITB_Proc.vhd Line: 60
Info (10041): Inferred latch for "alu_b[13]" at IITB_Proc.vhd(60) File: /home/raja/Desktop/IITB-Proc/IITB_Proc.vhd Line: 60
Info (10041): Inferred latch for "alu_b[14]" at IITB_Proc.vhd(60) File: /home/raja/Desktop/IITB-Proc/IITB_Proc.vhd Line: 60
Info (10041): Inferred latch for "alu_b[15]" at IITB_Proc.vhd(60) File: /home/raja/Desktop/IITB-Proc/IITB_Proc.vhd Line: 60
Info (10041): Inferred latch for "alu_a[0]" at IITB_Proc.vhd(60) File: /home/raja/Desktop/IITB-Proc/IITB_Proc.vhd Line: 60
Info (10041): Inferred latch for "alu_a[1]" at IITB_Proc.vhd(60) File: /home/raja/Desktop/IITB-Proc/IITB_Proc.vhd Line: 60
Info (10041): Inferred latch for "alu_a[2]" at IITB_Proc.vhd(60) File: /home/raja/Desktop/IITB-Proc/IITB_Proc.vhd Line: 60
Info (10041): Inferred latch for "alu_a[3]" at IITB_Proc.vhd(60) File: /home/raja/Desktop/IITB-Proc/IITB_Proc.vhd Line: 60
Info (10041): Inferred latch for "alu_a[4]" at IITB_Proc.vhd(60) File: /home/raja/Desktop/IITB-Proc/IITB_Proc.vhd Line: 60
Info (10041): Inferred latch for "alu_a[5]" at IITB_Proc.vhd(60) File: /home/raja/Desktop/IITB-Proc/IITB_Proc.vhd Line: 60
Info (10041): Inferred latch for "alu_a[6]" at IITB_Proc.vhd(60) File: /home/raja/Desktop/IITB-Proc/IITB_Proc.vhd Line: 60
Info (10041): Inferred latch for "alu_a[7]" at IITB_Proc.vhd(60) File: /home/raja/Desktop/IITB-Proc/IITB_Proc.vhd Line: 60
Info (10041): Inferred latch for "alu_a[8]" at IITB_Proc.vhd(60) File: /home/raja/Desktop/IITB-Proc/IITB_Proc.vhd Line: 60
Info (10041): Inferred latch for "alu_a[9]" at IITB_Proc.vhd(60) File: /home/raja/Desktop/IITB-Proc/IITB_Proc.vhd Line: 60
Info (10041): Inferred latch for "alu_a[10]" at IITB_Proc.vhd(60) File: /home/raja/Desktop/IITB-Proc/IITB_Proc.vhd Line: 60
Info (10041): Inferred latch for "alu_a[11]" at IITB_Proc.vhd(60) File: /home/raja/Desktop/IITB-Proc/IITB_Proc.vhd Line: 60
Info (10041): Inferred latch for "alu_a[12]" at IITB_Proc.vhd(60) File: /home/raja/Desktop/IITB-Proc/IITB_Proc.vhd Line: 60
Info (10041): Inferred latch for "alu_a[13]" at IITB_Proc.vhd(60) File: /home/raja/Desktop/IITB-Proc/IITB_Proc.vhd Line: 60
Info (10041): Inferred latch for "alu_a[14]" at IITB_Proc.vhd(60) File: /home/raja/Desktop/IITB-Proc/IITB_Proc.vhd Line: 60
Info (10041): Inferred latch for "alu_a[15]" at IITB_Proc.vhd(60) File: /home/raja/Desktop/IITB-Proc/IITB_Proc.vhd Line: 60
Info (10041): Inferred latch for "rf_a2[0]" at IITB_Proc.vhd(60) File: /home/raja/Desktop/IITB-Proc/IITB_Proc.vhd Line: 60
Info (10041): Inferred latch for "rf_a2[1]" at IITB_Proc.vhd(60) File: /home/raja/Desktop/IITB-Proc/IITB_Proc.vhd Line: 60
Info (10041): Inferred latch for "rf_a2[2]" at IITB_Proc.vhd(60) File: /home/raja/Desktop/IITB-Proc/IITB_Proc.vhd Line: 60
Info (10041): Inferred latch for "rf_a1[0]" at IITB_Proc.vhd(60) File: /home/raja/Desktop/IITB-Proc/IITB_Proc.vhd Line: 60
Info (10041): Inferred latch for "rf_a1[1]" at IITB_Proc.vhd(60) File: /home/raja/Desktop/IITB-Proc/IITB_Proc.vhd Line: 60
Info (10041): Inferred latch for "rf_a1[2]" at IITB_Proc.vhd(60) File: /home/raja/Desktop/IITB-Proc/IITB_Proc.vhd Line: 60
Info (10041): Inferred latch for "rf_w" at IITB_Proc.vhd(60) File: /home/raja/Desktop/IITB-Proc/IITB_Proc.vhd Line: 60
Info (10041): Inferred latch for "IR[0]" at IITB_Proc.vhd(60) File: /home/raja/Desktop/IITB-Proc/IITB_Proc.vhd Line: 60
Info (10041): Inferred latch for "IR[1]" at IITB_Proc.vhd(60) File: /home/raja/Desktop/IITB-Proc/IITB_Proc.vhd Line: 60
Info (10041): Inferred latch for "IR[2]" at IITB_Proc.vhd(60) File: /home/raja/Desktop/IITB-Proc/IITB_Proc.vhd Line: 60
Info (10041): Inferred latch for "IR[3]" at IITB_Proc.vhd(60) File: /home/raja/Desktop/IITB-Proc/IITB_Proc.vhd Line: 60
Info (10041): Inferred latch for "IR[4]" at IITB_Proc.vhd(60) File: /home/raja/Desktop/IITB-Proc/IITB_Proc.vhd Line: 60
Info (10041): Inferred latch for "IR[5]" at IITB_Proc.vhd(60) File: /home/raja/Desktop/IITB-Proc/IITB_Proc.vhd Line: 60
Info (10041): Inferred latch for "IR[6]" at IITB_Proc.vhd(60) File: /home/raja/Desktop/IITB-Proc/IITB_Proc.vhd Line: 60
Info (10041): Inferred latch for "IR[7]" at IITB_Proc.vhd(60) File: /home/raja/Desktop/IITB-Proc/IITB_Proc.vhd Line: 60
Info (10041): Inferred latch for "IR[8]" at IITB_Proc.vhd(60) File: /home/raja/Desktop/IITB-Proc/IITB_Proc.vhd Line: 60
Info (10041): Inferred latch for "IR[9]" at IITB_Proc.vhd(60) File: /home/raja/Desktop/IITB-Proc/IITB_Proc.vhd Line: 60
Info (10041): Inferred latch for "IR[10]" at IITB_Proc.vhd(60) File: /home/raja/Desktop/IITB-Proc/IITB_Proc.vhd Line: 60
Info (10041): Inferred latch for "IR[11]" at IITB_Proc.vhd(60) File: /home/raja/Desktop/IITB-Proc/IITB_Proc.vhd Line: 60
Info (10041): Inferred latch for "IR[12]" at IITB_Proc.vhd(60) File: /home/raja/Desktop/IITB-Proc/IITB_Proc.vhd Line: 60
Info (10041): Inferred latch for "IR[13]" at IITB_Proc.vhd(60) File: /home/raja/Desktop/IITB-Proc/IITB_Proc.vhd Line: 60
Info (10041): Inferred latch for "IR[14]" at IITB_Proc.vhd(60) File: /home/raja/Desktop/IITB-Proc/IITB_Proc.vhd Line: 60
Info (10041): Inferred latch for "IR[15]" at IITB_Proc.vhd(60) File: /home/raja/Desktop/IITB-Proc/IITB_Proc.vhd Line: 60
Info (10041): Inferred latch for "mem_add[0]" at IITB_Proc.vhd(60) File: /home/raja/Desktop/IITB-Proc/IITB_Proc.vhd Line: 60
Info (10041): Inferred latch for "mem_add[1]" at IITB_Proc.vhd(60) File: /home/raja/Desktop/IITB-Proc/IITB_Proc.vhd Line: 60
Info (10041): Inferred latch for "mem_add[2]" at IITB_Proc.vhd(60) File: /home/raja/Desktop/IITB-Proc/IITB_Proc.vhd Line: 60
Info (10041): Inferred latch for "mem_add[3]" at IITB_Proc.vhd(60) File: /home/raja/Desktop/IITB-Proc/IITB_Proc.vhd Line: 60
Info (10041): Inferred latch for "mem_add[4]" at IITB_Proc.vhd(60) File: /home/raja/Desktop/IITB-Proc/IITB_Proc.vhd Line: 60
Info (10041): Inferred latch for "mem_add[5]" at IITB_Proc.vhd(60) File: /home/raja/Desktop/IITB-Proc/IITB_Proc.vhd Line: 60
Info (10041): Inferred latch for "mem_add[6]" at IITB_Proc.vhd(60) File: /home/raja/Desktop/IITB-Proc/IITB_Proc.vhd Line: 60
Info (10041): Inferred latch for "mem_add[7]" at IITB_Proc.vhd(60) File: /home/raja/Desktop/IITB-Proc/IITB_Proc.vhd Line: 60
Info (10041): Inferred latch for "mem_add[8]" at IITB_Proc.vhd(60) File: /home/raja/Desktop/IITB-Proc/IITB_Proc.vhd Line: 60
Info (10041): Inferred latch for "mem_add[9]" at IITB_Proc.vhd(60) File: /home/raja/Desktop/IITB-Proc/IITB_Proc.vhd Line: 60
Info (10041): Inferred latch for "mem_add[10]" at IITB_Proc.vhd(60) File: /home/raja/Desktop/IITB-Proc/IITB_Proc.vhd Line: 60
Info (10041): Inferred latch for "mem_add[11]" at IITB_Proc.vhd(60) File: /home/raja/Desktop/IITB-Proc/IITB_Proc.vhd Line: 60
Info (10041): Inferred latch for "mem_add[12]" at IITB_Proc.vhd(60) File: /home/raja/Desktop/IITB-Proc/IITB_Proc.vhd Line: 60
Info (10041): Inferred latch for "mem_add[13]" at IITB_Proc.vhd(60) File: /home/raja/Desktop/IITB-Proc/IITB_Proc.vhd Line: 60
Info (10041): Inferred latch for "mem_add[14]" at IITB_Proc.vhd(60) File: /home/raja/Desktop/IITB-Proc/IITB_Proc.vhd Line: 60
Info (10041): Inferred latch for "mem_add[15]" at IITB_Proc.vhd(60) File: /home/raja/Desktop/IITB-Proc/IITB_Proc.vhd Line: 60
Info (10041): Inferred latch for "mem_w" at IITB_Proc.vhd(60) File: /home/raja/Desktop/IITB-Proc/IITB_Proc.vhd Line: 60
Info (12128): Elaborating entity "memory_asyncread" for hierarchy "memory_asyncread:MemInst" File: /home/raja/Desktop/IITB-Proc/IITB_Proc.vhd Line: 50
Info (12128): Elaborating entity "alu" for hierarchy "alu:AluInst" File: /home/raja/Desktop/IITB-Proc/IITB_Proc.vhd Line: 53
Info (12128): Elaborating entity "SixteenbitFullAdd" for hierarchy "alu:AluInst|SixteenbitFullAdd:AdderInst" File: /home/raja/Desktop/IITB-Proc/alu.vhd Line: 44
Info (12128): Elaborating entity "OnebitFullAdd" for hierarchy "alu:AluInst|SixteenbitFullAdd:AdderInst|OnebitFullAdd:AdderInst1" File: /home/raja/Desktop/IITB-Proc/SixteenbitFullAdd.vhd Line: 26
Info (12128): Elaborating entity "OnebitHalfAdd" for hierarchy "alu:AluInst|SixteenbitFullAdd:AdderInst|OnebitFullAdd:AdderInst1|OnebitHalfAdd:AdderInst1" File: /home/raja/Desktop/IITB-Proc/OnebitFullAdd.vhd Line: 30
Info (12128): Elaborating entity "TwoByOneMux" for hierarchy "alu:AluInst|SixteenbitFullAdd:AdderInst|OnebitFullAdd:AdderInst1|OnebitHalfAdd:AdderInst1|TwoByOneMux:MInst1" File: /home/raja/Desktop/IITB-Proc/OnebitHalfAdd.vhd Line: 25
Info (12128): Elaborating entity "muxQ41" for hierarchy "alu:AluInst|muxQ41:MuxInst" File: /home/raja/Desktop/IITB-Proc/alu.vhd Line: 53
Info (12128): Elaborating entity "FourByOneMux" for hierarchy "alu:AluInst|FourByOneMux:MuxInst2" File: /home/raja/Desktop/IITB-Proc/alu.vhd Line: 58
Info (12128): Elaborating entity "register_file" for hierarchy "register_file:RegInst" File: /home/raja/Desktop/IITB-Proc/IITB_Proc.vhd Line: 57
Info (276014): Found 2 instances of uninferred RAM logic
    Info (276007): RAM logic "register_file:RegInst|reg_file" is uninferred due to asynchronous read logic File: /home/raja/Desktop/IITB-Proc/register_file.vhd Line: 23
    Info (276007): RAM logic "memory_asyncread:MemInst|memory_ram" is uninferred due to asynchronous read logic File: /home/raja/Desktop/IITB-Proc/memory_asyncread.vhd Line: 23
Warning (13024): Output pins are stuck at VCC or GND
    Warning (13410): Pin "output_main[0]" is stuck at GND File: /home/raja/Desktop/IITB-Proc/IITB_Proc.vhd Line: 10
    Warning (13410): Pin "output_main[1]" is stuck at GND File: /home/raja/Desktop/IITB-Proc/IITB_Proc.vhd Line: 10
    Warning (13410): Pin "output_main[2]" is stuck at GND File: /home/raja/Desktop/IITB-Proc/IITB_Proc.vhd Line: 10
    Warning (13410): Pin "output_main[3]" is stuck at GND File: /home/raja/Desktop/IITB-Proc/IITB_Proc.vhd Line: 10
    Warning (13410): Pin "output_main[4]" is stuck at GND File: /home/raja/Desktop/IITB-Proc/IITB_Proc.vhd Line: 10
    Warning (13410): Pin "output_main[5]" is stuck at GND File: /home/raja/Desktop/IITB-Proc/IITB_Proc.vhd Line: 10
    Warning (13410): Pin "output_main[6]" is stuck at GND File: /home/raja/Desktop/IITB-Proc/IITB_Proc.vhd Line: 10
    Warning (13410): Pin "output_main[7]" is stuck at GND File: /home/raja/Desktop/IITB-Proc/IITB_Proc.vhd Line: 10
    Warning (13410): Pin "output_main[8]" is stuck at GND File: /home/raja/Desktop/IITB-Proc/IITB_Proc.vhd Line: 10
    Warning (13410): Pin "output_main[9]" is stuck at GND File: /home/raja/Desktop/IITB-Proc/IITB_Proc.vhd Line: 10
    Warning (13410): Pin "output_main[10]" is stuck at GND File: /home/raja/Desktop/IITB-Proc/IITB_Proc.vhd Line: 10
    Warning (13410): Pin "output_main[11]" is stuck at GND File: /home/raja/Desktop/IITB-Proc/IITB_Proc.vhd Line: 10
    Warning (13410): Pin "output_main[12]" is stuck at GND File: /home/raja/Desktop/IITB-Proc/IITB_Proc.vhd Line: 10
    Warning (13410): Pin "output_main[13]" is stuck at GND File: /home/raja/Desktop/IITB-Proc/IITB_Proc.vhd Line: 10
    Warning (13410): Pin "output_main[14]" is stuck at GND File: /home/raja/Desktop/IITB-Proc/IITB_Proc.vhd Line: 10
    Warning (13410): Pin "output_main[15]" is stuck at GND File: /home/raja/Desktop/IITB-Proc/IITB_Proc.vhd Line: 10
Info (17049): 44 registers lost all their fanouts during netlist optimizations.
Info (16010): Generating hard_block partition "hard_block:auto_generated_inst"
    Info (16011): Adding 0 node(s), including 0 DDIO, 0 PLL, 0 transceiver and 0 LCELL
Warning (21074): Design contains 2 input pin(s) that do not drive logic
    Warning (15610): No output dependent on input pin "rst" File: /home/raja/Desktop/IITB-Proc/IITB_Proc.vhd Line: 9
    Warning (15610): No output dependent on input pin "clk" File: /home/raja/Desktop/IITB-Proc/IITB_Proc.vhd Line: 9
Info (21057): Implemented 18 device resources after synthesis - the final resource count might be different
    Info (21058): Implemented 2 input pins
    Info (21059): Implemented 16 output pins
Info: Quartus Prime Analysis & Synthesis was successful. 0 errors, 144 warnings
    Info: Peak virtual memory: 485 megabytes
    Info: Processing ended: Thu May 20 09:14:08 2021
    Info: Elapsed time: 00:00:10
    Info: Total CPU time (on all processors): 00:00:25


